--------------------------------------------------------------------------------
Release 13.4 Trace  (lin64)
Copyright (c) 1995-2011 Xilinx, Inc.  All rights reserved.

/usr/local/insa/Xilinx.ISE/13.4/ISE_DS/ISE/bin/lin64/unwrapped/trce -intstyle
ise -v 3 -s 3 -n 3 -fastpaths -xml compteur.twx compteur.ncd -o compteur.twr
compteur.pcf -ucf compteur.ucf

Design file:              compteur.ncd
Physical constraint file: compteur.pcf
Device,package,speed:     xc6slx16,csg324,C,-3 (PRODUCTION 1.21 2012-01-07)
Report level:             verbose report

Environment Variable      Effect 
--------------------      ------ 
NONE                      No environment variables were set
--------------------------------------------------------------------------------

INFO:Timing:2698 - No timing constraints found, doing default enumeration.
INFO:Timing:3412 - To improve timing, see the Timing Closure User Guide (UG612).
INFO:Timing:2752 - To get complete path coverage, use the unconstrained paths 
   option. All paths that are not constrained will be reported in the 
   unconstrained paths section(s) of the report.
INFO:Timing:3339 - The clock-to-out numbers in this timing report are based on 
   a 50 Ohm transmission line loading model.  For the details of this model, 
   and for more information on accounting for different loading conditions, 
   please see the device datasheet.



Data Sheet report:
-----------------
All values displayed in nanoseconds (ns)

Setup/Hold to clock CK
------------+------------+------------+------------+------------+------------------+--------+
            |Max Setup to|  Process   |Max Hold to |  Process   |                  | Clock  |
Source      | clk (edge) |   Corner   | clk (edge) |   Corner   |Internal Clock(s) | Phase  |
------------+------------+------------+------------+------------+------------------+--------+
Din<0>      |   -0.866(R)|      FAST  |    2.595(R)|      SLOW  |CK_BUFGP          |   0.000|
Din<1>      |   -0.652(R)|      FAST  |    2.327(R)|      SLOW  |CK_BUFGP          |   0.000|
Din<2>      |   -0.666(R)|      FAST  |    2.252(R)|      SLOW  |CK_BUFGP          |   0.000|
Din<3>      |   -0.625(R)|      FAST  |    2.158(R)|      SLOW  |CK_BUFGP          |   0.000|
Din<4>      |   -0.636(R)|      FAST  |    2.243(R)|      SLOW  |CK_BUFGP          |   0.000|
Din<5>      |   -0.786(R)|      FAST  |    2.377(R)|      SLOW  |CK_BUFGP          |   0.000|
Din<6>      |   -0.881(R)|      FAST  |    2.434(R)|      SLOW  |CK_BUFGP          |   0.000|
Din<7>      |   -0.476(R)|      FAST  |    1.864(R)|      SLOW  |CK_BUFGP          |   0.000|
EN          |    0.996(R)|      SLOW  |    0.400(R)|      SLOW  |CK_BUFGP          |   0.000|
LOAD        |    2.816(R)|      SLOW  |   -0.797(R)|      FAST  |CK_BUFGP          |   0.000|
RST         |    1.073(R)|      SLOW  |    0.120(R)|      SLOW  |CK_BUFGP          |   0.000|
SENS        |    1.812(R)|      SLOW  |    0.049(R)|      SLOW  |CK_BUFGP          |   0.000|
------------+------------+------------+------------+------------+------------------+--------+

Clock CK to Pad
------------+-----------------+------------+-----------------+------------+------------------+--------+
            |Max (slowest) clk|  Process   |Min (fastest) clk|  Process   |                  | Clock  |
Destination |  (edge) to PAD  |   Corner   |  (edge) to PAD  |   Corner   |Internal Clock(s) | Phase  |
------------+-----------------+------------+-----------------+------------+------------------+--------+
Dout<0>     |        10.937(R)|      SLOW  |         6.286(R)|      FAST  |CK_BUFGP          |   0.000|
Dout<1>     |        10.982(R)|      SLOW  |         6.338(R)|      FAST  |CK_BUFGP          |   0.000|
Dout<2>     |        10.850(R)|      SLOW  |         6.216(R)|      FAST  |CK_BUFGP          |   0.000|
Dout<3>     |        11.136(R)|      SLOW  |         6.411(R)|      FAST  |CK_BUFGP          |   0.000|
Dout<4>     |        10.567(R)|      SLOW  |         5.969(R)|      FAST  |CK_BUFGP          |   0.000|
Dout<5>     |        10.478(R)|      SLOW  |         5.932(R)|      FAST  |CK_BUFGP          |   0.000|
Dout<6>     |        10.510(R)|      SLOW  |         5.958(R)|      FAST  |CK_BUFGP          |   0.000|
Dout<7>     |        10.721(R)|      SLOW  |         6.104(R)|      FAST  |CK_BUFGP          |   0.000|
------------+-----------------+------------+-----------------+------------+------------------+--------+

Clock to Setup on destination clock CK
---------------+---------+---------+---------+---------+
               | Src:Rise| Src:Fall| Src:Rise| Src:Fall|
Source Clock   |Dest:Rise|Dest:Rise|Dest:Fall|Dest:Fall|
---------------+---------+---------+---------+---------+
CK             |    1.867|         |         |         |
---------------+---------+---------+---------+---------+


Analysis completed Thu Mar 28 12:00:47 2019 
--------------------------------------------------------------------------------

Trace Settings:
-------------------------
Trace Settings 

Peak Memory Usage: 387 MB



